// Jest Snapshot v1, https://goo.gl/fbAQLP

exports[`Header renders correctly 1`] = `
<header
  className="css-1alc7ys"
>
  <div
    className="top"
  >
    <div
      className="headroom-wrapper"
      style={
        Object {
          "height": null,
        }
      }
    >
      <div
        className="headroom headroom--unfixed"
        style={
          Object {
            "MsTransform": "translate3D(0, 0, 0)",
            "WebkitTransform": "translate3D(0, 0, 0)",
            "left": 0,
            "position": "relative",
            "right": 0,
            "top": 0,
            "transform": "translate3D(0, 0, 0)",
            "zIndex": 1,
          }
        }
      >
        <div
          className="nav-bar"
        >
          <div
            className="css-1pfi013"
            style={
              Object {
                "maxWidth": "1200px",
              }
            }
          >
            <div
              className="css-15jlfmr"
            >
              <div
                className="left"
              >
                <a
                  href="/"
                >
                  <img
                    alt="Nejc Mursic"
                    className="logo"
                    height={40}
                    src="test-file-stub"
                    width="auto"
                  />
                </a>
              </div>
              <div
                className="right menu"
              >
                <a
                  className="inverse"
                  href="/Nejc_Mursic_CV.pdf"
                  rel="nofollow noopener noreferrer"
                  target="_blank"
                >
                  CV
                </a>
                <button
                  aria-label="Activate dark mode"
                  className="none theme-toggler"
                  onClick={[Function]}
                  title="Activate dark mode"
                >
                  <svg
                    className="light"
                    height="1em"
                    viewBox="0 0 20 20"
                    width="1em"
                    xmlns="http://www.w3.org/2000/svg"
                  >
                    <mask
                      id="moon-mask-nool"
                    >
                      <rect
                        fill="#fff"
                        height="20"
                        width="20"
                        x="0"
                        y="0"
                      />
                      <circle
                        cx="26"
                        cy="1"
                        fill="#020B19"
                        r="8"
                      />
                    </mask>
                    <circle
                      cx="10"
                      cy="10"
                      mask="url(\\"#moon-mask-nool\\")"
                      r="5"
                    />
                    <g>
                      <circle
                        cx="18"
                        cy="10"
                        r="1.5"
                      />
                      <circle
                        cx="14"
                        cy="16.9282"
                        r="1.5"
                      />
                      <circle
                        cx="6"
                        cy="16.9282"
                        r="1.5"
                      />
                      <circle
                        cx="2"
                        cy="10"
                        r="1.5"
                      />
                      <circle
                        cx="6"
                        cy="3.0718"
                        r="1.5"
                      />
                      <circle
                        cx="14"
                        cy="3.0718"
                        r="1.5"
                      />
                    </g>
                  </svg>
                </button>
              </div>
            </div>
          </div>
        </div>
      </div>
    </div>
  </div>
  <div
    className="css-lfsxqt"
  >
    <div
      className="css-1pfi013"
      style={
        Object {
          "maxWidth": "1200px",
        }
      }
    >
      Test title
    </div>
  </div>
  <svg
    height="35"
    viewBox="0 0 512 35"
    width="512"
  >
    <path
      d="M0,35L512,0.2l0,0H0V35z"
    />
  </svg>
</header>
`;
